[14:03:06] [ServerMain/INFO]: [bootstrap] Running Java 21 (OpenJDK 64-Bit Server VM 21.0.6+7-LTS; Eclipse Adoptium Temurin-21.0.6+7) on Linux 6.15.2-arch1-1 (amd64)
[14:03:06] [ServerMain/INFO]: [bootstrap] Loading Paper 1.21.6-27-main@5edcf6d (2025-06-22T01:51:33Z) for Minecraft 1.21.6
[14:03:07] [ServerMain/INFO]: [PluginInitializerManager] Initializing plugins...
[14:03:07] [ServerMain/INFO]: [PluginInitializerManager] Initialized 1 plugin
[14:03:07] [ServerMain/INFO]: [PluginInitializerManager] Paper plugins (1):
 - CordPlanter (1.0-SNAPSHOT)
[14:03:11] [ServerMain/INFO]: Environment: Environment[sessionHost=https://sessionserver.mojang.com, servicesHost=https://api.minecraftservices.com, name=PROD]
[14:03:12] [ServerMain/INFO]: Loaded 1407 recipes
[14:03:12] [ServerMain/INFO]: Loaded 1520 advancements
[14:03:12] [ServerMain/INFO]: [ca.spottedleaf.dataconverter.minecraft.datatypes.MCTypeRegistry] Initialising converters for DataConverter...
[14:03:12] [ServerMain/INFO]: [ca.spottedleaf.dataconverter.minecraft.datatypes.MCTypeRegistry] Finished initialising converters for DataConverter in 317.3ms
[14:03:12] [Server thread/INFO]: Starting minecraft server version 1.21.6
[14:03:12] [Server thread/INFO]: Loading properties
[14:03:12] [Server thread/INFO]: This server is running Paper version 1.21.6-27-main@5edcf6d (2025-06-22T01:51:33Z) (Implementing API version 1.21.6-R0.1-SNAPSHOT)
[14:03:13] [Server thread/INFO]: [spark] This server bundles the spark profiler. For more information please visit https://docs.papermc.io/paper/profiling
[14:03:13] [Server thread/INFO]: Server Ping Player Sample Count: 12
[14:03:13] [Server thread/INFO]: Using 4 threads for Netty based IO
[14:03:13] [Server thread/INFO]: [MoonriseCommon] Paper is using 4 worker threads, 1 I/O threads
[14:03:13] [Server thread/INFO]: [ChunkTaskScheduler] Chunk system is using population gen parallelism: true
[14:03:13] [Server thread/INFO]: Default game type: SURVIVAL
[14:03:13] [Server thread/INFO]: Generating keypair
[14:03:13] [Server thread/INFO]: Starting Minecraft server on *:10470
[14:03:13] [Server thread/INFO]: Using epoll channel type
[14:03:13] [Server thread/INFO]: Paper: Using libdeflate (Linux x86_64) compression from Velocity.
[14:03:13] [Server thread/INFO]: Paper: Using OpenSSL 3.x.x (Linux x86_64) cipher from Velocity.
[14:03:13] [Server thread/INFO]: [CordPlanter] Loading server plugin CordPlanter v1.0-SNAPSHOT
[14:03:13] [Server thread/INFO]: Server permissions file permissions.yml is empty, ignoring it
[14:03:13] [Server thread/INFO]: Preparing level "world"
[14:03:13] [Server thread/INFO]: Preparing start region for dimension minecraft:overworld
[14:03:13] [Server thread/INFO]: Preparing spawn area: 0%
[14:03:14] [Server thread/INFO]: Preparing spawn area: 46%
[14:03:14] [Server thread/INFO]: Time elapsed: 709 ms
[14:03:14] [Server thread/INFO]: Preparing start region for dimension minecraft:the_nether
[14:03:14] [Server thread/INFO]: Preparing spawn area: 0%
[14:03:14] [Server thread/INFO]: Time elapsed: 140 ms
[14:03:14] [Server thread/INFO]: Preparing start region for dimension minecraft:the_end
[14:03:14] [Server thread/INFO]: Preparing spawn area: 0%
[14:03:14] [Server thread/INFO]: Time elapsed: 55 ms
[14:03:14] [Server thread/INFO]: [CordPlanter] Enabling CordPlanter v1.0-SNAPSHOT
[14:03:14] [Server thread/INFO]: [spark] Starting background profiler...
[14:03:14] [Server thread/INFO]: Done preparing level "world" (1.530s)
[14:03:14] [Server thread/INFO]: Running delayed init tasks
[14:03:14] [Server thread/INFO]: Done (8.727s)! For help, type "help"
[14:03:17] [User Authenticator #0/INFO]: UUID of player Sheepearrr is 486329f7-63e4-4211-8dcf-b9f424908750
[14:03:17] [Server thread/INFO]: Sheepearrr joined the game
[14:03:17] [Server thread/INFO]: Sheepearrr[IP hidden] logged in with entity id 4 at ([world]-213.31888708756915, 105.50212482627181, 172.2955815563767)
[14:03:25] [Server thread/INFO]: Sheepearrr issued server command: /hello
[14:03:29] [Server thread/INFO]: Sheepearrr issued server command: /bossbardion
[14:03:33] [Server thread/INFO]: Sheepearrr issued server command: /bossbardioff
[14:03:36] [Server thread/INFO]: Sheepearrr issued server command: /bossbardion
[14:03:38] [Server thread/INFO]: Sheepearrr issued server command: /bossbardimod
[14:03:39] [Server thread/INFO]: Sheepearrr issued server command: /bossbardimod
[14:03:39] [Server thread/INFO]: Sheepearrr issued server command: /bossbardimod
[14:03:39] [Server thread/INFO]: Sheepearrr issued server command: /bossbardimod
[14:03:40] [Server thread/INFO]: Sheepearrr issued server command: /bossbardimod
[14:03:40] [Server thread/INFO]: Sheepearrr issued server command: /bossbardimod
[14:03:40] [Server thread/INFO]: Sheepearrr issued server command: /bossbardimod
[14:03:41] [Server thread/INFO]: Sheepearrr issued server command: /bossbardimod
[14:03:41] [Server thread/INFO]: Sheepearrr issued server command: /bossbardimod
[14:03:46] [Server thread/INFO]: Sheepearrr issued server command: /testingtesting
[14:03:46] [Server thread/ERROR]: Command exception: /testingtesting
java.lang.NullPointerException: Cannot invoke "com.google.gson.JsonArray.asList()" because the return value of "com.google.gson.JsonObject.getAsJsonArray(String)" is null
	at CordPlanter-1.0-SNAPSHOT.jar/eu.sheepearrr.cordplanter.CordPlanterBootstrap.lambda$bootstrap$13(CordPlanterBootstrap.java:393) ~[CordPlanter-1.0-SNAPSHOT.jar:?]
	at com.mojang.brigadier.context.ContextChain.runExecutable(ContextChain.java:73) ~[brigadier-1.3.10.jar:?]
	at net.minecraft.commands.execution.tasks.ExecuteCommand.execute(ExecuteCommand.java:30) ~[paper-1.21.6.jar:1.21.6-27-5edcf6d]
	at net.minecraft.commands.execution.tasks.ExecuteCommand.execute(ExecuteCommand.java:13) ~[paper-1.21.6.jar:1.21.6-27-5edcf6d]
	at net.minecraft.commands.execution.UnboundEntryAction.lambda$bind$0(UnboundEntryAction.java:8) ~[paper-1.21.6.jar:1.21.6-27-5edcf6d]
	at net.minecraft.commands.execution.CommandQueueEntry.execute(CommandQueueEntry.java:5) ~[paper-1.21.6.jar:1.21.6-27-5edcf6d]
	at net.minecraft.commands.execution.ExecutionContext.runCommandQueue(ExecutionContext.java:105) ~[paper-1.21.6.jar:1.21.6-27-5edcf6d]
	at net.minecraft.commands.Commands.executeCommandInContext(Commands.java:449) ~[paper-1.21.6.jar:1.21.6-27-5edcf6d]
	at net.minecraft.commands.Commands.performCommand(Commands.java:357) ~[paper-1.21.6.jar:1.21.6-27-5edcf6d]
	at net.minecraft.commands.Commands.performCommand(Commands.java:345) ~[paper-1.21.6.jar:1.21.6-27-5edcf6d]
	at net.minecraft.server.network.ServerGamePacketListenerImpl.performUnsignedChatCommand(ServerGamePacketListenerImpl.java:2303) ~[paper-1.21.6.jar:1.21.6-27-5edcf6d]
	at net.minecraft.server.network.ServerGamePacketListenerImpl.lambda$handleChatCommand$12(ServerGamePacketListenerImpl.java:2276) ~[paper-1.21.6.jar:1.21.6-27-5edcf6d]
	at net.minecraft.server.TickTask.run(TickTask.java:18) ~[paper-1.21.6.jar:1.21.6-27-5edcf6d]
	at net.minecraft.util.thread.BlockableEventLoop.doRunTask(BlockableEventLoop.java:155) ~[paper-1.21.6.jar:1.21.6-27-5edcf6d]
	at net.minecraft.util.thread.ReentrantBlockableEventLoop.doRunTask(ReentrantBlockableEventLoop.java:24) ~[paper-1.21.6.jar:1.21.6-27-5edcf6d]
	at net.minecraft.server.MinecraftServer.doRunTask(MinecraftServer.java:1449) ~[paper-1.21.6.jar:1.21.6-27-5edcf6d]
	at net.minecraft.server.MinecraftServer.doRunTask(MinecraftServer.java:176) ~[paper-1.21.6.jar:1.21.6-27-5edcf6d]
	at net.minecraft.util.thread.BlockableEventLoop.pollTask(BlockableEventLoop.java:129) ~[paper-1.21.6.jar:1.21.6-27-5edcf6d]
	at net.minecraft.server.MinecraftServer.pollTaskInternal(MinecraftServer.java:1429) ~[paper-1.21.6.jar:1.21.6-27-5edcf6d]
	at net.minecraft.server.MinecraftServer.pollTask(MinecraftServer.java:1423) ~[paper-1.21.6.jar:1.21.6-27-5edcf6d]
	at net.minecraft.util.thread.BlockableEventLoop.managedBlock(BlockableEventLoop.java:139) ~[paper-1.21.6.jar:1.21.6-27-5edcf6d]
	at net.minecraft.server.MinecraftServer.managedBlock(MinecraftServer.java:1380) ~[paper-1.21.6.jar:1.21.6-27-5edcf6d]
	at net.minecraft.server.MinecraftServer.waitUntilNextTick(MinecraftServer.java:1388) ~[paper-1.21.6.jar:1.21.6-27-5edcf6d]
	at net.minecraft.server.MinecraftServer.runServer(MinecraftServer.java:1265) ~[paper-1.21.6.jar:1.21.6-27-5edcf6d]
	at net.minecraft.server.MinecraftServer.lambda$spin$2(MinecraftServer.java:310) ~[paper-1.21.6.jar:1.21.6-27-5edcf6d]
	at java.base/java.lang.Thread.run(Thread.java:1583) ~[?:?]
[14:04:00] [Server thread/INFO]: Sheepearrr issued server command: /cordplanter:nestingtest nest1 jasdasbhdbas
[14:04:11] [Server thread/INFO]: Sheepearrr issued server command: /cordplanter:nestingtest nest1 "Hello World!"
[14:04:21] [Server thread/INFO]: Sheepearrr issued server command: /forceop
[14:04:21] [Server thread/WARN]: [cordplanter] 
===========================================================================================================================================================

!!! WARNING !!!

A CordPlanter workspace tried to grant/take away OPERATOR STATUS to/from a player, but failed due to the restrictions configured in the plugin settings.
Please for your own safety look through every workspace you have applied, even in text, as text replacements in the right context can trigger this.
    - Sheepearrr, owner of CordPlanter

===========================================================================================================================================================
[14:04:34] [Server thread/INFO]: Sheepearrr issued server command: /workspace list
[14:04:42] [Server thread/INFO]: Sheepearrr issued server command: /workspace settings set require_current_format false
[14:04:47] [Server thread/INFO]: Sheepearrr issued server command: /workspace settings set allow_granting_operator_status true
[14:04:47] [Server thread/WARN]: [cordplanter] 
===========================================================================================================================================================

!!! CRITICAL WARNING !!!

CordPlanter was configured to grant workspaces the power to grant/take away OPERATOR STATUS to/from any Player, etc. This can be used as a force-op exploit, even through harmless looking actions like text replacement.
Only enable this option if you really need it.
Please run "workspace settings reset allow_granting_operator_status" to reset this option.

===========================================================================================================================================================
[14:04:52] [Server thread/INFO]: Sheepearrr issued server command: /workspace settings reset allow_granting_operator_status
[14:05:01] [Server thread/INFO]: Sheepearrr issued server command: /workspace settings reset require_current_format
[14:05:07] [Server thread/INFO]: Sheepearrr issued server command: /workspace settings get require_current_format
[14:05:16] [Server thread/INFO]: Sheepearrr issued server command: /workspace disable test
[14:05:22] [Server thread/INFO]: Sheepearrr issued server command: /workspace lsit
[14:05:24] [Server thread/INFO]: Sheepearrr issued server command: /workspace list
[14:05:29] [Server thread/INFO]: Sheepearrr issued server command: /workspace enable test2
[14:05:34] [Server thread/INFO]: Sheepearrr issued server command: /workspace enable test
[14:05:46] [Server thread/INFO]: Sheepearrr issued server command: /workspace settings reset
[14:11:10] [Thread-0/WARN]: java.lang.Throwable: Server stopped
[14:11:10] [Thread-0/WARN]: 	at io.papermc.paper.util.TraceUtil.dumpTraceForThread(TraceUtil.java:16)
[14:11:10] [Thread-0/WARN]: 	at net.minecraft.server.MinecraftServer.safeShutdown(MinecraftServer.java:1099)
[14:11:10] [Thread-0/WARN]: 	at org.bukkit.craftbukkit.util.ServerShutdownThread.run(ServerShutdownThread.java:16)
[14:11:10] [Server thread/INFO]: Stopping server
[14:11:10] [Server thread/INFO]: [CordPlanter] Disabling CordPlanter v1.0-SNAPSHOT
[14:11:10] [Server thread/INFO]: Saving players
[14:11:10] [Server thread/INFO]: Sheepearrr lost connection: Server closed
[14:11:10] [Server thread/INFO]: Sheepearrr left the game
[14:11:10] [Server thread/INFO]: Saving worlds
[14:11:10] [Server thread/INFO]: Saving chunks for level 'ServerLevel[world]'/minecraft:overworld
[14:11:10] [Server thread/INFO]: [ChunkHolderManager] Waiting 60s for chunk system to halt for world 'world'
[14:11:10] [Server thread/INFO]: [ChunkHolderManager] Halted chunk system for world 'world'
[14:11:10] [Server thread/INFO]: [ChunkHolderManager] Saving all chunkholders for world 'world'
[14:11:10] [Server thread/INFO]: [ChunkHolderManager] Saved 266 block chunks, 77 entity chunks, 0 poi chunks in world 'world' in 0.06s
[14:11:10] [Server thread/INFO]: [ChunkHolderManager] Waiting 60s for chunk I/O to halt for world 'world'
[14:11:10] [Server thread/INFO]: [ChunkHolderManager] Halted I/O scheduler for world 'world'
[14:11:10] [Server thread/INFO]: Saving chunks for level 'ServerLevel[world_nether]'/minecraft:the_nether
[14:11:10] [Server thread/INFO]: [ChunkHolderManager] Waiting 60s for chunk system to halt for world 'world_nether'
[14:11:10] [Server thread/INFO]: [ChunkHolderManager] Halted chunk system for world 'world_nether'
[14:11:10] [Server thread/INFO]: [ChunkHolderManager] Saving all chunkholders for world 'world_nether'
[14:11:10] [Server thread/INFO]: [ChunkHolderManager] Saved 0 block chunks, 0 entity chunks, 0 poi chunks in world 'world_nether' in 0.01s
[14:11:10] [Server thread/INFO]: [ChunkHolderManager] Waiting 60s for chunk I/O to halt for world 'world_nether'
[14:11:10] [Server thread/INFO]: [ChunkHolderManager] Halted I/O scheduler for world 'world_nether'
[14:11:10] [Server thread/INFO]: Saving chunks for level 'ServerLevel[world_the_end]'/minecraft:the_end
[14:11:10] [Server thread/INFO]: [ChunkHolderManager] Waiting 60s for chunk system to halt for world 'world_the_end'
[14:11:10] [Server thread/INFO]: [ChunkHolderManager] Halted chunk system for world 'world_the_end'
[14:11:10] [Server thread/INFO]: [ChunkHolderManager] Saving all chunkholders for world 'world_the_end'
[14:11:10] [Server thread/INFO]: [ChunkHolderManager] Saved 0 block chunks, 0 entity chunks, 0 poi chunks in world 'world_the_end' in 0.01s
[14:11:10] [Server thread/INFO]: [ChunkHolderManager] Waiting 60s for chunk I/O to halt for world 'world_the_end'
[14:11:10] [Server thread/INFO]: [ChunkHolderManager] Halted I/O scheduler for world 'world_the_end'
[14:11:10] [Server thread/INFO]: ThreadedAnvilChunkStorage (world): All chunks are saved
[14:11:10] [Server thread/INFO]: ThreadedAnvilChunkStorage (DIM-1): All chunks are saved
[14:11:10] [Server thread/INFO]: ThreadedAnvilChunkStorage (DIM1): All chunks are saved
[14:11:10] [Server thread/INFO]: ThreadedAnvilChunkStorage: All dimensions are saved
[14:11:10] [Server thread/INFO]: Waiting for all RegionFile I/O tasks to complete...
[14:11:10] [Server thread/INFO]: All RegionFile I/O tasks to complete
[14:11:10] [Server thread/INFO]: [MoonriseCommon] Awaiting termination of worker pool for up to 60s...
[14:11:10] [Server thread/INFO]: [MoonriseCommon] Awaiting termination of I/O pool for up to 60s...
